// Jest Snapshot v1, https://goo.gl/fbAQLP

exports[`Header 1`] = `
"Snapshot Diff:
- First value
+ Second value

@@ -55,17 +55,17 @@
          role=\\"button\\"
          style=\\"cursor: pointer; height: 48px; position: relative; transition: 0.4s cubic-bezier(0, 0, 0, 1); user-select: none; width: 48px; outline: none;\\"
          tabindex=\\"0\\"
        >
          <div
-           style=\\"background: currentColor; height: 2px; left: 12px; position: absolute; width: 24px; top: 16px; transition: 0.4s cubic-bezier(0, 0, 0, 1); transform: none;\\"
+           style=\\"background: currentColor; height: 2px; left: 12px; position: absolute; width: 24px; top: 16px; transition: 0.4s cubic-bezier(0, 0, 0, 1); transform: rotate(-45deg) translate(-4.93px, 4.93px);\\"
          />
          <div
-           style=\\"background: currentColor; height: 2px; left: 12px; position: absolute; width: 24px; top: 23px; transition: 0.2s cubic-bezier(0, 0, 0, 1); transform: none;\\"
+           style=\\"background: currentColor; height: 2px; left: 12px; position: absolute; width: 24px; top: 23px; transition: 0.2s cubic-bezier(0, 0, 0, 1); transform: scaleX(0);\\"
          />
          <div
-           style=\\"background: currentColor; height: 2px; left: 12px; position: absolute; width: 24px; top: 30px; transition: 0.4s cubic-bezier(0, 0, 0, 1); transform: none;\\"
+           style=\\"background: currentColor; height: 2px; left: 12px; position: absolute; width: 24px; top: 30px; transition: 0.4s cubic-bezier(0, 0, 0, 1); transform: rotate(45deg) translate(-4.93px, -4.93px);\\"
          />
        </div>
      </div>
    </div>
  </DocumentFragment>"
`;

exports[`Header: closed 1`] = `
.c0 {
  -webkit-align-items: center;
  -webkit-box-align: center;
  -ms-flex-align: center;
  align-items: center;
  background-color: white;
  display: -webkit-box;
  display: -webkit-flex;
  display: -ms-flexbox;
  display: flex;
  -webkit-box-pack: justify;
  -webkit-justify-content: space-between;
  -ms-flex-pack: justify;
  justify-content: space-between;
  padding: 16px 48px;
}

.c6 {
  display: none;
  -webkit-flex-direction: column;
  -ms-flex-direction: column;
  flex-direction: column;
  margin-right: 16px;
}

.c1 {
  font-size: 2rem;
  font-weight: bold;
  color: #333;
  margin: 0;
  padding: 0;
}

.c2 {
  margin-left: auto;
}

.c3 {
  display: -webkit-box;
  display: -webkit-flex;
  display: -ms-flexbox;
  display: flex;
  list-style: none;
  margin: 0;
  padding: 0;
}

.c4 {
  margin-left: 2rem;
}

.c5 {
  color: #333;
  -webkit-text-decoration: none;
  text-decoration: none;
  font-size: 1.2rem;
  font-weight: bold;
  -webkit-transition: color 0.2s ease-in-out;
  transition: color 0.2s ease-in-out;
}

.c5:hover {
  color: #0c9346;
}

@media (max-width:1223px) {
  .c0 {
    padding: 8px 16px;
  }
}

@media (max-width:1223px) {
  .c6 {
    display: -webkit-box;
    display: -webkit-flex;
    display: -ms-flexbox;
    display: flex;
  }
}

@media (max-width:1223px) {
  .c2 {
    display: none;
  }
}

<div
  class="c0"
  data-testid="header"
>
  <h1
    class="c1"
  >
    Yesildoga
  </h1>
  <nav
    class="c2"
  >
    <ul
      class="c3"
    >
      <li
        class="c4"
      >
        <a
          class="c5"
          href="#"
        >
          Home
        </a>
      </li>
      <li
        class="c4"
      >
        <a
          class="c5"
          href="#"
        >
          About
        </a>
      </li>
      <li
        class="c4"
      >
        <a
          class="c5"
          href="#"
        >
          Contact
        </a>
      </li>
    </ul>
  </nav>
  <div
    class="c6"
    data-testid="header-hamburger"
  >
    <div
      class="hamburger-react"
      role="button"
      style="cursor: pointer; height: 48px; position: relative; transition: 0.4s cubic-bezier(0, 0, 0, 1); user-select: none; width: 48px; outline: none;"
      tabindex="0"
    >
      <div
        style="background: currentColor; height: 2px; left: 12px; position: absolute; width: 24px; top: 16px; transition: 0.4s cubic-bezier(0, 0, 0, 1); transform: none;"
      />
      <div
        style="background: currentColor; height: 2px; left: 12px; position: absolute; width: 24px; top: 23px; transition: 0.2s cubic-bezier(0, 0, 0, 1); transform: none;"
      />
      <div
        style="background: currentColor; height: 2px; left: 12px; position: absolute; width: 24px; top: 30px; transition: 0.4s cubic-bezier(0, 0, 0, 1); transform: none;"
      />
    </div>
  </div>
</div>
`;
