// Jest Snapshot v1, https://goo.gl/fbAQLP

exports[`Header 1`] = `
"Snapshot Diff:
- First value
+ Second value

@@ -7,11 +7,11 @@
        class=\\"sc-dkPwfY gTudpy\\"
      >
        Yesildoga
      </h1>
      <nav
-       class=\\"sc-hKwBjT iNffFg\\"
+       class=\\"sc-hKwBjT dzxcvD\\"
        data-testid=\\"header-nav\\"
      >
        <ul
          class=\\"sc-eCIkAO cCZPxG\\"
        >
@@ -56,11 +56,11 @@
            </a>
          </li>
        </ul>
      </nav>
      <div
-       aria-expanded=\\"false\\"
+       aria-expanded=\\"true\\"
        aria-label=\\"Toggle navigation menu\\"
        class=\\"sc-gsDMPd iDuILb\\"
        data-testid=\\"header-hamburger\\"
        role=\\"button\\"
      >
@@ -69,17 +69,17 @@
          role=\\"button\\"
          style=\\"cursor: pointer; height: 48px; position: relative; transition: 0.4s cubic-bezier(0, 0, 0, 1); user-select: none; width: 48px; outline: none;\\"
          tabindex=\\"0\\"
        >
          <div
-           style=\\"background: currentColor; height: 2px; left: 12px; position: absolute; width: 24px; top: 16px; transition: 0.4s cubic-bezier(0, 0, 0, 1); transform: none;\\"
+           style=\\"background: currentColor; height: 2px; left: 12px; position: absolute; width: 24px; top: 16px; transition: 0.4s cubic-bezier(0, 0, 0, 1); transform: rotate(-45deg) translate(-4.93px, 4.93px);\\"
          />
          <div
-           style=\\"background: currentColor; height: 2px; left: 12px; position: absolute; width: 24px; top: 23px; transition: 0.2s cubic-bezier(0, 0, 0, 1); transform: none;\\"
+           style=\\"background: currentColor; height: 2px; left: 12px; position: absolute; width: 24px; top: 23px; transition: 0.2s cubic-bezier(0, 0, 0, 1); transform: scaleX(0);\\"
          />
          <div
-           style=\\"background: currentColor; height: 2px; left: 12px; position: absolute; width: 24px; top: 30px; transition: 0.4s cubic-bezier(0, 0, 0, 1); transform: none;\\"
+           style=\\"background: currentColor; height: 2px; left: 12px; position: absolute; width: 24px; top: 30px; transition: 0.4s cubic-bezier(0, 0, 0, 1); transform: rotate(45deg) translate(-4.93px, -4.93px);\\"
          />
        </div>
      </div>
    </div>
  </DocumentFragment>"
`;

exports[`Header: closed 1`] = `
.c0 {
  align-items: center;
  background-color: white;
  display: flex;
  justify-content: space-between;
  padding: 16px 48px;
  position: relative;
}

.c7 {
  display: none;
  flex-direction: column;
  margin-right: 16px;
}

.c1 {
  font-size: 2rem;
  font-weight: bold;
  color: #333;
  margin: 0;
  padding: 0;
}

.c2 {
  margin-left: auto;
}

.c3 {
  display: flex;
  list-style: none;
  margin: 0;
  padding: 0;
}

.c5 {
  margin-left: 2rem;
}

.c6 {
  color: #333;
  text-decoration: none;
  font-size: 1.2rem;
  font-weight: bold;
  transition: color 0.2s ease-in-out;
}

.c6:hover {
  color: #0c9346;
}

@media (max-width: 1223px) {
  .c0 {
    padding: 8px 16px;
  }
}

@media (max-width: 1223px) {
  .c7 {
    display: flex;
  }
}

@media (max-width: 1223px) {
  .c2 {
    background: #fff;
    border-top: 1px solid #e5e5e5;
    box-shadow: 0 8px 16px rgba(0, 0, 0, 0.08);
    display: none;
    inset-block-start: 100%;
    inset-inline: 0;
    margin-inline-start: 0;
    position: absolute;
    z-index: 20;
  }
}

@media (max-width: 1223px) {
  .c3 {
    flex-direction: column;
  }
}

@media (max-width: 1223px) {
  .c5 {
    margin-inline-start: 0;
  }

  .c4+.c4 {
    border-block-start: 1px solid #f0f0f0;
  }
}

@media (max-width: 1223px) {
  .c6 {
    display: block;
    padding: 14px 16px;
  }
}

<div
  class="c0"
  data-testid="header"
>
  <h1
    class="c1"
  >
    Yesildoga
  </h1>
  <nav
    class="c2"
    data-testid="header-nav"
  >
    <ul
      class="c3"
    >
      <li
        class="c4 c5"
      >
        <a
          class="c6"
          href="/"
        >
          Home
        </a>
      </li>
      <li
        class="c4 c5"
      >
        <a
          class="c6"
          href="/#mission"
        >
          About
        </a>
      </li>
      <li
        class="c4 c5"
      >
        <a
          class="c6"
          href="mailto:dogabudak@gmail.com"
        >
          Contact
        </a>
      </li>
      <li
        class="c4 c5"
      >
        <a
          class="c6"
          href="/donate"
        >
          Donate
        </a>
      </li>
    </ul>
  </nav>
  <div
    aria-expanded="false"
    aria-label="Toggle navigation menu"
    class="c7"
    data-testid="header-hamburger"
    role="button"
  >
    <div
      class="hamburger-react"
      role="button"
      style="cursor: pointer; height: 48px; position: relative; transition: 0.4s cubic-bezier(0, 0, 0, 1); user-select: none; width: 48px; outline: none;"
      tabindex="0"
    >
      <div
        style="background: currentColor; height: 2px; left: 12px; position: absolute; width: 24px; top: 16px; transition: 0.4s cubic-bezier(0, 0, 0, 1); transform: none;"
      />
      <div
        style="background: currentColor; height: 2px; left: 12px; position: absolute; width: 24px; top: 23px; transition: 0.2s cubic-bezier(0, 0, 0, 1); transform: none;"
      />
      <div
        style="background: currentColor; height: 2px; left: 12px; position: absolute; width: 24px; top: 30px; transition: 0.4s cubic-bezier(0, 0, 0, 1); transform: none;"
      />
    </div>
  </div>
</div>
`;
